d:\regretautomata\flow\x64\debug\vc145.pdb
d:\regretautomata\flow\x64\debug\vc145.idb
d:\regretautomata\flow\x64\debug\flow.obj
d:\regretautomata\x64\debug\flow.exe
d:\regretautomata\x64\debug\flow.pdb
d:\regretautomata\flow\x64\debug\flow.ilk
d:\regretautomaton\flow\x64\debug\flow.obj
d:\regretautomaton\flow\x64\debug\flow.ilk
d:\regretautomaton\flow\x64\debug\vc145.idb
d:\regretautomaton\flow\x64\debug\vc145.pdb
d:\regretautomaton\x64\debug\flow.pdb
d:\regretautomaton\x64\debug\flow.exe
d:\regretautomaton\flow\x64\debug\flow.tlog\cl.command.1.tlog
d:\regretautomaton\flow\x64\debug\flow.tlog\cl.items.tlog
d:\regretautomaton\flow\x64\debug\flow.tlog\cl.read.1.tlog
d:\regretautomaton\flow\x64\debug\flow.tlog\cl.write.1.tlog
d:\regretautomaton\flow\x64\debug\flow.tlog\link.command.1.tlog
d:\regretautomaton\flow\x64\debug\flow.tlog\link.read.1.tlog
d:\regretautomaton\flow\x64\debug\flow.tlog\link.secondary.1.tlog
d:\regretautomaton\flow\x64\debug\flow.tlog\link.write.1.tlog
