d:\regretautomata\auto\x64\debug\vc145.pdb
d:\regretautomata\auto\x64\debug\vc145.idb
d:\regretautomata\auto\x64\debug\auto.obj
d:\regretautomata\x64\debug\auto.exe
d:\regretautomata\x64\debug\auto.pdb
d:\regretautomata\auto\x64\debug\auto.ilk
d:\regretautomaton\auto\x64\debug\auto.obj
d:\regretautomaton\auto\x64\debug\auto.ilk
d:\regretautomaton\auto\x64\debug\vc145.idb
d:\regretautomaton\auto\x64\debug\vc145.pdb
d:\regretautomaton\x64\debug\auto.pdb
d:\regretautomaton\x64\debug\auto.exe
d:\regretautomaton\auto\x64\debug\auto.tlog\cl.command.1.tlog
d:\regretautomaton\auto\x64\debug\auto.tlog\cl.items.tlog
d:\regretautomaton\auto\x64\debug\auto.tlog\cl.read.1.tlog
d:\regretautomaton\auto\x64\debug\auto.tlog\cl.write.1.tlog
d:\regretautomaton\auto\x64\debug\auto.tlog\link.command.1.tlog
d:\regretautomaton\auto\x64\debug\auto.tlog\link.read.1.tlog
d:\regretautomaton\auto\x64\debug\auto.tlog\link.secondary.1.tlog
d:\regretautomaton\auto\x64\debug\auto.tlog\link.write.1.tlog
