d:\regretautomata\regret\x64\debug\vc145.pdb
d:\regretautomata\regret\x64\debug\vc145.idb
d:\regretautomata\regret\x64\debug\regret.obj
d:\regretautomata\x64\debug\regret.exe
d:\regretautomata\x64\debug\regret.pdb
d:\regretautomata\regret\x64\debug\regret.ilk
d:\regretautomaton\regret\x64\debug\regret.obj
d:\regretautomaton\regret\x64\debug\regret.ilk
d:\regretautomaton\regret\x64\debug\vc145.idb
d:\regretautomaton\regret\x64\debug\vc145.pdb
d:\regretautomaton\x64\debug\regret.pdb
d:\regretautomaton\x64\debug\regret.exe
d:\regretautomaton\regret\x64\debug\regret.tlog\cl.command.1.tlog
d:\regretautomaton\regret\x64\debug\regret.tlog\cl.items.tlog
d:\regretautomaton\regret\x64\debug\regret.tlog\cl.read.1.tlog
d:\regretautomaton\regret\x64\debug\regret.tlog\cl.write.1.tlog
d:\regretautomaton\regret\x64\debug\regret.tlog\link.command.1.tlog
d:\regretautomaton\regret\x64\debug\regret.tlog\link.read.1.tlog
d:\regretautomaton\regret\x64\debug\regret.tlog\link.secondary.1.tlog
d:\regretautomaton\regret\x64\debug\regret.tlog\link.write.1.tlog
