d:\regretautomata\regretautomaton\x64\debug\vc145.pdb
d:\regretautomata\regretautomaton\x64\debug\vc145.idb
d:\regretautomata\regretautomaton\x64\debug\regretautomaton.obj
d:\regretautomata\x64\debug\regretautomaton.exe
d:\regretautomata\x64\debug\regretautomaton.pdb
d:\regretautomata\regretautomaton\x64\debug\regretautomaton.ilk
d:\regretautomaton\regretautomaton\x64\debug\regretautomaton.obj
d:\regretautomaton\regretautomaton\x64\debug\regretautomaton.ilk
d:\regretautomaton\regretautomaton\x64\debug\vc145.idb
d:\regretautomaton\regretautomaton\x64\debug\vc145.pdb
d:\regretautomaton\x64\debug\regretautomaton.pdb
d:\regretautomaton\x64\debug\regretautomaton.exe
d:\regretautomaton\regretautomaton\x64\debug\regretautomaton.tlog\cl.command.1.tlog
d:\regretautomaton\regretautomaton\x64\debug\regretautomaton.tlog\cl.items.tlog
d:\regretautomaton\regretautomaton\x64\debug\regretautomaton.tlog\cl.read.1.tlog
d:\regretautomaton\regretautomaton\x64\debug\regretautomaton.tlog\cl.write.1.tlog
d:\regretautomaton\regretautomaton\x64\debug\regretautomaton.tlog\link.command.1.tlog
d:\regretautomaton\regretautomaton\x64\debug\regretautomaton.tlog\link.read.1.tlog
d:\regretautomaton\regretautomaton\x64\debug\regretautomaton.tlog\link.secondary.1.tlog
d:\regretautomaton\regretautomaton\x64\debug\regretautomaton.tlog\link.write.1.tlog
