d:\regretautomata\dp\x64\debug\vc145.pdb
d:\regretautomata\dp\x64\debug\vc145.idb
d:\regretautomata\dp\x64\debug\dp.obj
d:\regretautomata\x64\debug\dp.exe
d:\regretautomata\x64\debug\dp.pdb
d:\regretautomata\dp\x64\debug\dp.ilk
d:\regretautomaton\dp\x64\debug\dp.obj
d:\regretautomaton\dp\x64\debug\dp.ilk
d:\regretautomaton\dp\x64\debug\vc145.idb
d:\regretautomaton\dp\x64\debug\vc145.pdb
d:\regretautomaton\x64\debug\dp.pdb
d:\regretautomaton\x64\debug\dp.exe
d:\regretautomaton\dp\x64\debug\dp.tlog\cl.command.1.tlog
d:\regretautomaton\dp\x64\debug\dp.tlog\cl.items.tlog
d:\regretautomaton\dp\x64\debug\dp.tlog\cl.read.1.tlog
d:\regretautomaton\dp\x64\debug\dp.tlog\cl.write.1.tlog
d:\regretautomaton\dp\x64\debug\dp.tlog\link.command.1.tlog
d:\regretautomaton\dp\x64\debug\dp.tlog\link.read.1.tlog
d:\regretautomaton\dp\x64\debug\dp.tlog\link.secondary.1.tlog
d:\regretautomaton\dp\x64\debug\dp.tlog\link.write.1.tlog
